// Jest Snapshot v1, https://goo.gl/fbAQLP

exports[`lists all plans 1`] = `
Array [
  Object {
    "active": true,
    "aggregate_usage": null,
    "amount": 6000,
    "billing_scheme": "per_unit",
    "created": 1556124330,
    "currency": "aud",
    "id": "plan_EwhdWAyl20lY3r",
    "interval": "month",
    "interval_count": 1,
    "livemode": false,
    "metadata": Object {},
    "nickname": "Agency - Monthly",
    "object": "plan",
    "product": "prod_Ewhbu2lvDV6qA3",
    "tiers": null,
    "tiers_mode": null,
    "transform_usage": null,
    "trial_period_days": 14,
    "usage_type": "licensed",
  },
  Object {
    "active": true,
    "aggregate_usage": null,
    "amount": 3000,
    "billing_scheme": "per_unit",
    "created": 1556124312,
    "currency": "aud",
    "id": "plan_EwhcP2qanL2la9",
    "interval": "month",
    "interval_count": 1,
    "livemode": false,
    "metadata": Object {},
    "nickname": "Freelancer - Monthly",
    "object": "plan",
    "product": "prod_Ewhbu2lvDV6qA3",
    "tiers": null,
    "tiers_mode": null,
    "transform_usage": null,
    "trial_period_days": 14,
    "usage_type": "licensed",
  },
  Object {
    "active": true,
    "aggregate_usage": null,
    "amount": 0,
    "billing_scheme": "per_unit",
    "created": 1556124276,
    "currency": "aud",
    "id": "plan_EwhcFkDkq3Wfzr",
    "interval": "month",
    "interval_count": 1,
    "livemode": false,
    "metadata": Object {},
    "nickname": "Free - Monthly",
    "object": "plan",
    "product": "prod_Ewhbu2lvDV6qA3",
    "tiers": null,
    "tiers_mode": null,
    "transform_usage": null,
    "trial_period_days": 14,
    "usage_type": "licensed",
  },
]
`;
